../Hardwware/si7021_SKIN.c:48:13:delay_us	16	static
../Hardwware/si7021_SKIN.c:66:6:si7021_iic_start	8	static
../Hardwware/si7021_SKIN.c:84:6:si7021_iic_stop	8	static
../Hardwware/si7021_SKIN.c:103:9:si7021_iic_wait_ack	16	static
../Hardwware/si7021_SKIN.c:138:6:si7021_iic_ack	8	static
../Hardwware/si7021_SKIN.c:158:6:si7021_iic_nack	8	static
../Hardwware/si7021_SKIN.c:177:6:si7021_send_byte	24	static
../Hardwware/si7021_SKIN.c:202:9:si7021_read_byte	24	static
../Hardwware/si7021_SKIN.c:242:6:si7021_write_command	16	static
../Hardwware/si7021_SKIN.c:265:6:si7021_read_data	24	static
../Hardwware/si7021_SKIN.c:299:9:si7021_measure_temperature	16	static
../Hardwware/si7021_SKIN.c:307:10:SI7021_measure_humidity	16	static
../Hardwware/si7021_SKIN.c:324:6:si7021_init	8	static
